...................................................................ss... [  3%]
